PS C:\Users\Kartik> docker ps
CONTAINER ID   IMAGE                      COMMAND            CREATED         STATUS         PORTS                                            NAMES
fbff2d379e13   redis/redis-stack:latest   "/entrypoint.sh"   2 minutes ago   Up 2 minutes   0.0.0.0:6379->6379/tcp, 0.0.0.0:8001->8001/tcp   redis-stack
PS C:\Users\Kartik> docker exec -it fbff2d379e13 bash
root@fbff2d379e13:/# redis cli ping
bash: redis: command not found
root@fbff2d379e13:/# redis cli ping
bash: redis: command not found
root@fbff2d379e13:/# redis-cli ping
PONG
root@fbff2d379e13:/# redis-cli
127.0.0.1:6379> ping
PONG
127.0.0.1:6379> set name kartik
OK
127.0.0.1:6379> get name
"kartik"
127.0.0.1:6379> get name
"kartik Hirapara"
127.0.0.1:6379> set user:1 Suresh
OK
127.0.0.1:6379> set user:2 Ramesh
OK
127.0.0.1:6379> set user:3 Jay
OK
127.0.0.1:6379> set msg:Hey
(error) ERR wrong number of arguments for 'set' command
127.0.0.1:6379> set msg:1 Hey
OK
127.0.0.1:6379> set msg:2 Hello
OK
127.0.0.1:6379> set msg:2 i am fine
(error) ERR syntax error
127.0.0.1:6379> set msg:2 u/-am_fine
OK
127.0.0.1:6379> set msg:2 u/-am_fine nx
(nil)
127.0.0.1:6379> mget user:1 user:3 msg:1
1) "Suresh"
2) "Jay"
3) "Hey"
127.0.0.1:6379> set counter 0
OK
127.0.0.1:6379> incr counter
(integer) 1
127.0.0.1:6379> incr counter
(integer) 2
127.0.0.1:6379> incr counter
(integer) 3
127.0.0.1:6379> incr counter
(integer) 4
127.0.0.1:6379> incr by 15
(error) ERR wrong number of arguments for 'incr' command
127.0.0.1:6379> incrby counter 15
(integer) 19
127.0.0.1:6379> get user:3
"hello_how_are_you"
127.0.0.1:6379> lpush messages hey
(integer) 1
127.0.0.1:6379> lpush messages Hello_from_KArtik
(integer) 2
127.0.0.1:6379> rpush messages Hello_from_ravi
(integer) 3
127.0.0.1:6379> lpop messages
"Hello_from_KArtik"
127.0.0.1:6379> rpop messages
"Hello_from_ravi"
127.0.0.1:6379> llen messages
(integer) 1
127.0.0.1:6379> blpop messages 5
1) "messages"
2) "hey"
127.0.0.1:6379> blpop messages 5
(nil)
(5.02s)
127.0.0.1:6379> lpush messages kartik
(integer) 1
127.0.0.1:6379> lrange messages 0 -1
1) "3"
2) "2"
3) "1"
127.0.0.1:6379> sadd ip 1
(integer) 1
127.0.0.1:6379> sadd ip 2
(integer) 1
127.0.0.1:6379>
127.0.0.1:6379> sadd ip 3
(integer) 1
127.0.0.1:6379> sadd ip 3
(integer) 0
127.0.0.1:6379> sadd ip 4
(integer) 1
127.0.0.1:6379> sadd ip 5
(integer) 1
127.0.0.1:6379> srem ip 3
(integer) 1
127.0.0.1:6379> sismember ip 2
(integer) 1
127.0.0.1:6379> sismember ip 6
(integer) 0
127.0.0.1:6379> sismember ip 4
(integer) 1
127.0.0.1:6379> HSET bike:1 model Deimos brand Ergonom type 'Enduro bikes' price 4972
(integer) 4
127.0.0.1:6379> zadd score 20 kartik
(integer) 1
127.0.0.1:6379> zadd score 10 nirav
(integer) 1
127.0.0.1:6379> zadd score 5 ritesh
(integer) 1
127.0.0.1:6379> zrange score 0 -1
1) "ritesh"
2) "nirav"
3) "kartik"
127.0.0.1:6379> zrevrange score 0 -1
1) "kartik"
2) "nirav"
3) "ritesh"
127.0.0.1:6379> zrank kartik
(error) ERR wrong number of arguments for 'zrank' command
127.0.0.1:6379> zrank score kartik
(integer) 2
127.0.0.1:6379> XADD race:france * rider Castilla speed 30.2 position 1 location_id 1
"1727881638429-0"
127.0.0.1:6379> XADD race:france * rider Norem speed 28.8 position 3 location_id 1
"1727881745626-0"
127.0.0.1:6379>  XADD race:france * rider Prickett speed 29.7 position 2 location_id 1
"1727881761466-0"
127.0.0.1:6379> XRANGE race:france 1692632086370-0 + COUNT 2
1) 1) "1727881638429-0"
   2) 1) "rider"
      2) "Castilla"
      3) "speed"
      4) "30.2"
      5) "position"
      6) "1"
      7) "location_id"
      8) "1"
2) 1) "1727881745626-0"
   2) 1) "rider"
      2) "Norem"
      3) "speed"
      4) "28.8"
      5) "position"
      6) "3"
      7) "location_id"
      8) "1"
127.0.0.1:6379> GEOADD bikes:rentable -122.27652 37.805186 station:1
(integer) 1
127.0.0.1:6379> GEOADD bikes:rentable -122.2674626 37.8062344 station:2
(integer) 1
127.0.0.1:6379> GEOADD bikes:rentable -122.2469854 37.8104049 station:3
(integer) 1
127.0.0.1:6379> GEOSEARCH bikes:rentable FROMLONLAT -122.2612767 37.7936847 BYRADIUS 5 km WITHDIST
1) 1) "station:1"
   2) "1.8523"
2) 1) "station:2"
   2) "1.4979"
3) 1) "station:3"
   2) "2.2441"
127.0.0.1:6379>
